../Core/Src/main.c:84:6:HAL_CAN_RxFifo0MsgPendingCallback	16	static
../Core/Src/main.c:95:6:SetMotorSpeed	16	static
../Core/Src/main.c:108:6:MotorStart	16	static
../Core/Src/main.c:122:6:MotorStop	8	static
../Core/Src/main.c:134:5:main	112	static
../Core/Src/main.c:241:6:SystemClock_Config	88	static
../Core/Src/main.c:287:13:MX_CAN1_Init	48	static
../Core/Src/main.c:337:13:MX_I2C1_Init	8	static
../Core/Src/main.c:371:13:MX_TIM1_Init	80	static
../Core/Src/main.c:436:13:MX_USART2_UART_Init	8	static
../Core/Src/main.c:469:13:MX_GPIO_Init	48	static
../Core/Src/main.c:514:6:Error_Handler	4	static,ignoring_inline_asm
